// Jest Snapshot v1, https://goo.gl/fbAQLP

exports[`renders correctly 1`] = `
<div>
  <h1
    className="heading"
    style={
      Object {
        "textAlign": "left",
      }
    }
  >
    Math Magicians
  </h1>
  <div
    className="Container"
  >
    <p
      className="loading"
    />
  </div>
</div>
`;
